
 Ansys Mechanical Enterprise Academic Student      


 *------------------------------------------------------------------*
 |                                                                  |
 |   W E L C O M E   T O   T H E   A N S Y S (R)  P R O G R A M     |
 |                                                                  |
 *------------------------------------------------------------------*




 ***************************************************************
 *         ANSYS MAPDL 2025 R2          LEGAL NOTICES          *
 ***************************************************************
 *                                                             *
 * Copyright 1971-2025 Ansys, Inc.  All rights reserved.       *
 * Unauthorized use, distribution or duplication is            *
 * prohibited.                                                 *
 *                                                             *
 * Ansys is a registered trademark of Ansys, Inc. or its       *
 * subsidiaries in the United States or other countries.       *
 * See the Ansys, Inc. online documentation or the Ansys, Inc. *
 * documentation CD or online help for the complete Legal      *
 * Notice.                                                     *
 *                                                             *
 ***************************************************************
 *                                                             *
 * THIS ANSYS SOFTWARE PRODUCT AND PROGRAM DOCUMENTATION       *
 * INCLUDE TRADE SECRETS AND CONFIDENTIAL AND PROPRIETARY      *
 * PRODUCTS OF ANSYS, INC., ITS SUBSIDIARIES, OR LICENSORS.    *
 * The software products and documentation are furnished by    *
 * Ansys, Inc. or its subsidiaries under a software license    *
 * agreement that contains provisions concerning               *
 * non-disclosure, copying, length and nature of use,          *
 * compliance with exporting laws, warranties, disclaimers,    *
 * limitations of liability, and remedies, and other           *
 * provisions.  The software products and documentation may be *
 * used, disclosed, transferred, or copied only in accordance  *
 * with the terms and conditions of that software license      *
 * agreement.                                                  *
 *                                                             *
 * Ansys, Inc. is a UL registered                              *
 * ISO 9001:2015 company.                                      *
 *                                                             *
 ***************************************************************
 *                                                             *
 * This product is subject to U.S. laws governing export and   *
 * re-export.                                                  *
 *                                                             *
 * For U.S. Government users, except as specifically granted   *
 * by the Ansys, Inc. software license agreement, the use,     *
 * duplication, or disclosure by the United States Government  *
 * is subject to restrictions stated in the Ansys, Inc.        *
 * software license agreement and FAR 12.212 (for non-DOD      *
 * licenses).                                                  *
 *                                                             *
 ***************************************************************

 2025 R2 
     
 Point Releases and Patches installed:   
     
 Discovery 2025 R2   
 Core WB Files 2025 R2   
 optiSLang 2025 R2   
 CFX (includes CFD-Post) 2025 R2 
 Chemkin 2025 R2 
 EnSight 2025 R2 
 FENSAP-ICE 2025 R2  
 Fluent (includes CFD-Post) 2025 R2  
 Polyflow (includes CFD-Post) 2025 R2
 Forte (includes EnSight) 2025 R2
 Rocky 2025 R2   
 TurboGrid 2025 R2   
 ACIS Geometry Interface 2025 R2 
 AutoCAD Geometry Interface 2025 R2  
 Catia, Version 4 Geometry Interface 2025 R2 
 Catia, Version 5 Geometry Interface 2025 R2 
 Catia, Version 6 Geometry Interface 2025 R2 
 Creo Elements/Direct Modeling Geometry Interface 2025 R2
 Creo Parametric Geometry Interface 2025 R2  
 Inventor Geometry Interface 2025 R2 
 JTOpen Geometry Interface 2025 R2   
 NX Geometry Interface 2025 R2   
 Parasolid Geometry Interface  2025 R2   
 Solid Edge Geometry Interface 2025 R2   
 SOLIDWORKS Geometry Interface 2025 R2   
 Speos 2025 R2   
 SpaceClaim 2025 R2  
 Speos RPC 2025 R2   
 Zemax OpticStudio 2025 R2   
 Dynamic Reporting 2025 R2   
 Aqwa 2025 R2
 Autodyn 2025 R2 
 Material Calibration App 2025 R2
 Mechanical Products 2025 R2 
 Motion 2025 R2  
 Academic Student 2025 R2


          *****  MAPDL COMMAND LINE ARGUMENTS  *****
  BATCH MODE REQUESTED (-b)    = NOLIST
  INPUT FILE COPY MODE (-c)    = COPY
  DISTRIBUTED MEMORY PARALLEL REQUESTED
       4 PARALLEL PROCESSES REQUESTED WITH SINGLE THREAD PER PROCESS
    TOTAL OF     4 CORES REQUESTED
  INPUT FILE NAME              = C:\Users\Sebastian\Desktop\Coding\FEM2\Projekt\ANSYS\_ProjectScratch\ScrEDEA\dummy.dat
  OUTPUT FILE NAME             = C:\Users\Sebastian\Desktop\Coding\FEM2\Projekt\ANSYS\_ProjectScratch\ScrEDEA\solve.out
  START-UP FILE MODE           = NOREAD
  STOP FILE MODE               = NOREAD

 RELEASE= 2025 R2              BUILD= 25.2      UP20250519   VERSION=WINDOWS x64 
 CURRENT JOBNAME=file0  16:09:08  FEB 04, 2026 CP=      0.062


 PARAMETER _DS_PROGRESS =     999.0000000    

 /INPUT FILE= ds.dat  LINE=       0



 *** NOTE ***                            CP =       0.172   TIME= 16:09:08
 The /CONFIG,NOELDB command is not valid in a distributed memory         
 parallel solution.  Command is ignored.                                 

 *GET  _WALLSTRT  FROM  ACTI  ITEM=TIME WALL  VALUE=  16.1522222    

 TITLE= 
 Rad_Shell--Statisch-mechanisch (A5)                                           

  ACT Extensions:
      LSDYNA, 2025.2
      5f463412-bd3e-484b-87e7-cbc0a665e474, wbex
 /COM,     ANSYSMotion, 2025.2
      20180725-3f81-49eb-9f31-41364844c769, wbex
  

 SET PARAMETER DIMENSIONS ON  _WB_PROJECTSCRATCH_DIR
  TYPE=STRI  DIMENSIONS=      248        1        1

 PARAMETER _WB_PROJECTSCRATCH_DIR(1) = C:\Users\Sebastian\Desktop\Coding\FEM2\Projekt\ANSYS\_ProjectScratch\ScrEDEA\

 SET PARAMETER DIMENSIONS ON  _WB_SOLVERFILES_DIR
  TYPE=STRI  DIMENSIONS=      248        1        1

 PARAMETER _WB_SOLVERFILES_DIR(1) = C:\Users\Sebastian\Desktop\Coding\FEM2\Projekt\ANSYS\Rad_Shell_files\dp0\SYS\MECH\

 SET PARAMETER DIMENSIONS ON  _WB_USERFILES_DIR
  TYPE=STRI  DIMENSIONS=      248        1        1

 PARAMETER _WB_USERFILES_DIR(1) = C:\Users\Sebastian\Desktop\Coding\FEM2\Projekt\ANSYS\Rad_Shell_files\user_files\
 --- Data in consistent NMM units. See Solving Units in the help system for more

 MPA UNITS SPECIFIED FOR INTERNAL    
  LENGTH      = MILLIMETERS (mm)
  MASS        = TONNE (Mg)
  TIME        = SECONDS (sec)
  TEMPERATURE = CELSIUS (C)
  TOFFSET     = 273.0
  FORCE       = NEWTON (N)
  HEAT        = MILLIJOULES (mJ)

 INPUT  UNITS ARE ALSO SET TO MPA 

 *** MAPDL - ENGINEERING ANALYSIS SYSTEM  RELEASE 2025 R2          25.2     ***
 Ansys Mechanical Enterprise Academic Student      
 01055371  VERSION=WINDOWS x64   16:09:08  FEB 04, 2026 CP=      0.188

 Rad_Shell--Statisch-mechanisch (A5)                                           



          ***** MAPDL ANALYSIS DEFINITION (PREP7) *****
 *********** Send User Defined Coordinate System(s) ***********
 *********** Nodes for the whole assembly ***********
 *********** Elements for Body 1 'Balken_9|Fl_1' ***********
 *********** Set Reference Temperature ***********
 *********** Send Materials ***********
 *********** Send Sheet Properties ***********
 *********** Fixed Supports ***********
 *********** Define Force Using Surface Effect Elements ***********

 LIST DATA TABLE  PLAS  FOR MATERIAL      1

 *** MAPDL - ENGINEERING ANALYSIS SYSTEM  RELEASE 2025 R2          25.2     ***
 Ansys Mechanical Enterprise Academic Student      
 01055371  VERSION=WINDOWS x64   16:09:08  FEB 04, 2026 CP=      0.203

 Rad_Shell--Statisch-mechanisch (A5)                                           



               PLASTIC  (PLAS) Table For Material     1
               BKIN PLASTICITY                                                                 

                     1 
 Temps     0.0000000e+00 
 Yld Strs 6.9500000e-04 
 Plas Mod 2.0910000e-03 



 ***** ROUTINE COMPLETED *****  CP =         0.203


 --- Number of total nodes = 2085
 --- Number of contact elements = 7
 --- Number of spring elements = 0
 --- Number of bearing elements = 0
 --- Number of solid elements = 630
 --- Number of condensed parts = 0
 --- Number of total elements = 637

 *GET  _WALLBSOL  FROM  ACTI  ITEM=TIME WALL  VALUE=  16.1522222    
 ****************************************************************************
 *************************    SOLUTION       ********************************
 ****************************************************************************

 *****  MAPDL SOLUTION ROUTINE  *****


 PERFORM A STATIC ANALYSIS
  THIS WILL BE A NEW ANALYSIS

 LARGE DEFORMATION ANALYSIS

 PARAMETER _THICKRATIO =     0.000000000    

 USE SPARSE MATRIX DIRECT SOLVER

 CONTACT INFORMATION PRINTOUT LEVEL       1

 CHECK INITIAL OPEN/CLOSED STATUS OF SELECTED CONTACT ELEMENTS
      AND LIST DETAILED CONTACT PAIR INFORMATION

 SPLIT CONTACT SURFACES AT SOLVE PHASE

    NUMBER OF SPLITTING TBD BY PROGRAM

 DO NOT COMBINE ELEMENT MATRIX FILES (.emat) AFTER DISTRIBUTED PARALLEL SOLUTION

 DO NOT COMBINE ELEMENT SAVE DATA FILES (.esav) AFTER DISTRIBUTED PARALLEL SOLUTION

 NLDIAG: Nonlinear diagnostics CONT option is set to ON. 
         Writing frequency : each ITERATION.

 DEFINE RESTART CONTROL FOR LOADSTEP LAST
 AT FREQUENCY OF LAST AND NUMBER FOR OVERWRITE IS   -1

 DELETE RESTART FILES OF ENDSTEP
 ****************************************************
 ******************* SOLVE FOR LS 1 OF 60 ****************

 SELECT       FOR ITEM=TYPE COMPONENT=    
  IN RANGE         2 TO          2 STEP          1

          7  ELEMENTS (OF        637  DEFINED) SELECTED BY  ESEL  COMMAND.

 SELECT      ALL NODES HAVING ANY ELEMENT IN ELEMENT SET.

         15 NODES (OF       2085  DEFINED) SELECTED FROM
        7 SELECTED ELEMENTS BY NSLE COMMAND.

 SPECIFIED SURFACE LOAD PRES FOR ALL SELECTED ELEMENTS  LKEY =  1   KVAL = 1
      SET ACCORDING TO TABLE PARAMETER = _LOADVARI65X                                                                                                                                                                                                                                                    

 SPECIFIED SURFACE LOAD PRES FOR ALL SELECTED ELEMENTS  LKEY =  2   KVAL = 1
      SET ACCORDING TO TABLE PARAMETER = _LOADVARI65Y                                                                                                                                                                                                                                                    

 ALL SELECT   FOR ITEM=NODE COMPONENT=    
  IN RANGE         1 TO       2085 STEP          1

       2085  NODES (OF       2085  DEFINED) SELECTED BY NSEL  COMMAND.

 ALL SELECT   FOR ITEM=ELEM COMPONENT=    
  IN RANGE         1 TO        637 STEP          1

        637  ELEMENTS (OF        637  DEFINED) SELECTED BY  ESEL  COMMAND.

 PRINTOUT RESUMED BY /GOP

 USE AUTOMATIC TIME STEPPING THIS LOAD STEP

 USE      50 SUBSTEPS INITIALLY THIS LOAD STEP FOR ALL  DEGREES OF FREEDOM
 FOR AUTOMATIC TIME STEPPING:
   USE     50 SUBSTEPS AS A MAXIMUM
   USE     30 SUBSTEPS AS A MINIMUM

 TIME=  1.0000    

 ERASE THE CURRENT DATABASE OUTPUT CONTROL TABLE.


 WRITE ALL  ITEMS TO THE DATABASE WITH A FREQUENCY OF NONE
   FOR ALL APPLICABLE ENTITIES

 WRITE NSOL ITEMS TO THE DATABASE WITH A FREQUENCY OF ALL 
   FOR ALL APPLICABLE ENTITIES

 WRITE RSOL ITEMS TO THE DATABASE WITH A FREQUENCY OF ALL 
   FOR ALL APPLICABLE ENTITIES

 WRITE EANG ITEMS TO THE DATABASE WITH A FREQUENCY OF ALL 
   FOR ALL APPLICABLE ENTITIES

 WRITE ETMP ITEMS TO THE DATABASE WITH A FREQUENCY OF ALL 
   FOR ALL APPLICABLE ENTITIES

 WRITE VENG ITEMS TO THE DATABASE WITH A FREQUENCY OF ALL 
   FOR ALL APPLICABLE ENTITIES

 WRITE STRS ITEMS TO THE DATABASE WITH A FREQUENCY OF ALL 
   FOR ALL APPLICABLE ENTITIES

 WRITE EPEL ITEMS TO THE DATABASE WITH A FREQUENCY OF ALL 
   FOR ALL APPLICABLE ENTITIES

 WRITE EPPL ITEMS TO THE DATABASE WITH A FREQUENCY OF ALL 
   FOR ALL APPLICABLE ENTITIES

 WRITE CONT ITEMS TO THE DATABASE WITH A FREQUENCY OF ALL 
   FOR ALL APPLICABLE ENTITIES

 *GET  ANSINTER_  FROM  ACTI  ITEM=INT        VALUE=  0.00000000    

 *IF  ANSINTER_  ( =   0.00000     )  NE  
      0  ( =   0.00000     )  THEN    

 *ENDIF

 *** NOTE ***                            CP =       0.281   TIME= 16:09:08
 The automatic domain decomposition logic has selected the MESH domain   
 decomposition method with 4 processes per solution.                     

 *****  MAPDL SOLVE    COMMAND  *****

 *** WARNING ***                         CP =       0.297   TIME= 16:09:08
 Element shape checking is currently inactive.  Issue SHPP,ON or         
 SHPP,WARN to reactivate, if desired.                                    

 *** NOTE ***                            CP =       0.297   TIME= 16:09:08
 The model data was checked and warning messages were found.             
  Please review output or errors file (                                  
 C:\Users\Sebastian\Desktop\Coding\FEM2\Projekt\ANSYS\_ProjectScratch\Sc 
 crEDEA\file0.err ) for these warning messages.                          

 *** SELECTION OF ELEMENT TECHNOLOGIES FOR APPLICABLE ELEMENTS ***
      --- GIVE SUGGESTIONS AND RESET THE KEY OPTIONS ---

 ELEMENT TYPE         1 IS PLANE183 WITH PLANE STRESS OPTION. NO SUGGESTION IS
 AVAILABLE AND NO RESETTING IS NEEDED.



 *** MAPDL - ENGINEERING ANALYSIS SYSTEM  RELEASE 2025 R2          25.2     ***
 Ansys Mechanical Enterprise Academic Student      
 01055371  VERSION=WINDOWS x64   16:09:08  FEB 04, 2026 CP=      0.297

 Rad_Shell--Statisch-mechanisch (A5)                                           



                       S O L U T I O N   O P T I O N S

   PROBLEM DIMENSIONALITY. . . . . . . . . . . . .2-D                  
   DEGREES OF FREEDOM. . . . . . UX   UY  
   ANALYSIS TYPE . . . . . . . . . . . . . . . . .STATIC (STEADY-STATE)
   OFFSET TEMPERATURE FROM ABSOLUTE ZERO . . . . .  273.15    
   NONLINEAR GEOMETRIC EFFECTS . . . . . . . . . .ON
   EQUATION SOLVER OPTION. . . . . . . . . . . . .SPARSE             
   PLASTIC MATERIAL PROPERTIES INCLUDED. . . . . .YES
   NEWTON-RAPHSON OPTION . . . . . . . . . . . . .PROGRAM CHOSEN   
   GLOBALLY ASSEMBLED MATRIX . . . . . . . . . . .SYMMETRIC  

 *** WARNING ***                         CP =       0.297   TIME= 16:09:08
 Material number 2 (used by element 631) should normally have at least   
 one MP or one TB type command associated with it.  Output of energy by  
 material may not be available.                                          

 *** NOTE ***                            CP =       0.297   TIME= 16:09:08
 The step data was checked and warning messages were found.              
  Please review output or errors file (                                  
 C:\Users\Sebastian\Desktop\Coding\FEM2\Projekt\ANSYS\_ProjectScratch\Sc 
 crEDEA\file0.err ) for these warning messages.                          

 *** NOTE ***                            CP =       0.297   TIME= 16:09:08
 This nonlinear analysis defaults to using the full Newton-Raphson       
 solution procedure.  This can be modified using the NROPT command.      

 *** NOTE ***                            CP =       0.297   TIME= 16:09:08
 The conditions for direct assembly have been met.  No .emat or .erot    
 files will be produced.                                                 

  
  
     D I S T R I B U T E D   D O M A I N   D E C O M P O S E R
  
  ...Number of elements: 637
  ...Number of nodes:    2085
  ...Decompose to 4 CPU domains
  ...Element load balance ratio =     1.031


                      L O A D   S T E P   O P T I O N S

   LOAD STEP NUMBER. . . . . . . . . . . . . . . .     1
   TIME AT END OF THE LOAD STEP. . . . . . . . . .  1.0000    
   AUTOMATIC TIME STEPPING . . . . . . . . . . . .    ON
      INITIAL NUMBER OF SUBSTEPS . . . . . . . . .    50
      MAXIMUM NUMBER OF SUBSTEPS . . . . . . . . .    50
      MINIMUM NUMBER OF SUBSTEPS . . . . . . . . .    30
   MAXIMUM NUMBER OF EQUILIBRIUM ITERATIONS. . . .    15
   STEP CHANGE BOUNDARY CONDITIONS . . . . . . . .    NO
   STRESS-STIFFENING . . . . . . . . . . . . . . .    ON
   TERMINATE ANALYSIS IF NOT CONVERGED . . . . . .YES (EXIT)  
   CONVERGENCE CONTROLS. . . . . . . . . . . . . .USE DEFAULTS
   COPY INTEGRATION POINT VALUES TO NODE . . . . .YES, FOR ELEMENTS WITH
                                                  ACTIVE MAT. NONLINEARITIES
   PRINT OUTPUT CONTROLS . . . . . . . . . . . . .NO PRINTOUT
   DATABASE OUTPUT CONTROLS
      ITEM     FREQUENCY   COMPONENT
       ALL       NONE               
      NSOL        ALL               
      RSOL        ALL               
      EANG        ALL               
      ETMP        ALL               
      VENG        ALL               
      STRS        ALL               
      EPEL        ALL               
      EPPL        ALL               
      CONT        ALL               


 SOLUTION MONITORING INFO IS WRITTEN TO FILE= file.mntr                                                                                                                                                                                                                                                           
 MAXIMUM NUMBER OF EQUILIBRIUM ITERATIONS HAS BEEN MODIFIED              
  TO BE, NEQIT = 22, BY SOLUTION CONTROL LOGIC.                          




            **** CENTER OF MASS, MASS, AND MASS MOMENTS OF INERTIA ****

  CALCULATIONS ASSUME ELEMENT MASS AT ELEMENT CENTROID

  TOTAL MASS =   2.8450    

                           MOM. OF INERTIA         MOM. OF INERTIA
  CENTER OF MASS            ABOUT ORIGIN        ABOUT CENTER OF MASS

  XC =   4500.0          IXX =   0.4548E+06      IXX =   0.1120E+06
  YC =   347.15          IYY =   0.7681E+08      IYY =   0.1920E+08
  ZC =   0.0000          IZZ =   0.7727E+08      IZZ =   0.1931E+08
                         IXY =  -0.4444E+07      IXY =  -0.5588E-08
                         IYZ =    0.000          IYZ =    0.000    
                         IZX =    0.000          IZX =    0.000    


  *** MASS SUMMARY BY ELEMENT TYPE ***

  TYPE      MASS
     1   2.84503    

 Range of element maximum matrix coefficients in global coordinates
 Maximum = 25299721.5 at element 5.                                      
 Minimum = 25299720.5 at element 630.                                    

   *** ELEMENT MATRIX FORMULATION TIMES
     TYPE    NUMBER   ENAME      TOTAL CP  AVE CP

        1       630  PLANE183      0.016   0.000025
        2         7  SURF153       0.000   0.000000
 Time at end of element matrix formulation CP = 0.453125.                

 ALL CURRENT MAPDL DATA WRITTEN TO FILE NAME= file.rdb
  FOR POSSIBLE RESUME FROM THIS POINT
     FORCE CONVERGENCE VALUE  =  0.6992E-01  CRITERION=  0.3496E-03

 DISTRIBUTED SPARSE MATRIX DIRECT SOLVER.
  Number of equations =        4140,    Maximum wavefront =     42


  Memory allocated on only this MPI rank (rank     0)
  -------------------------------------------------------------------
  Equation solver memory allocated                     =     1.567 MB
  Equation solver memory required for in-core mode     =     1.510 MB
  Equation solver memory required for out-of-core mode =     1.294 MB
  Total (solver and non-solver) memory allocated       =   378.466 MB


  Total memory summed across all MPI ranks on this machines
  -------------------------------------------------------------------
  Equation solver memory allocated                     =     6.133 MB
  Equation solver memory required for in-core mode     =     5.909 MB
  Equation solver memory required for out-of-core mode =     5.069 MB
  Total (solver and non-solver) memory allocated       =   686.352 MB

 *** NOTE ***                            CP =       0.484   TIME= 16:09:08
 The Distributed Sparse Matrix Solver is currently running in the        
 in-core memory mode.  This memory mode uses the most amount of memory   
 in order to avoid using the hard drive as much as possible, which most  
 often results in the fastest solution time.  This mode is recommended   
 if enough physical memory is present to accommodate all of the solver   
 data.                                                                   
 Distributed sparse solver maximum pivot= 50599442.6 at node 1371 UY.    
 Distributed sparse solver minimum pivot= 10741.203 at node 367 UY.      
 Distributed sparse solver minimum pivot in absolute value= 10741.203 at 
 node 367 UY.                                                            
     DISP CONVERGENCE VALUE   =  0.2723E-06  CRITERION=  0.1362E-07
    EQUIL ITER   1 COMPLETED.  NEW TRIANG MATRIX.  MAX DOF INC=  0.2723E-06
     FORCE CONVERGENCE VALUE  =  0.3499E-11  CRITERION=  0.4921E-03 <<< CONVERGED
     DISP CONVERGENCE VALUE   =  0.2157E-14  CRITERION=  0.9959E-03 <<< CONVERGED
      The calculated reference DISP CONVERGENCE VALUE   =  0.2723E-06
       is less than MINREF (which can be modified on the CNVTOL command).
    EQUIL ITER   2 COMPLETED.  NEW TRIANG MATRIX.  MAX DOF INC =  0.2157E-14
    >>> SOLUTION CONVERGED AFTER EQUILIBRIUM ITERATION   2

   *** ELEMENT RESULT CALCULATION TIMES
     TYPE    NUMBER   ENAME      TOTAL CP  AVE CP

        1       630  PLANE183      0.062   0.000099
        2         7  SURF153       0.000   0.000000

   *** NODAL LOAD CALCULATION TIMES
     TYPE    NUMBER   ENAME      TOTAL CP  AVE CP

        1       630  PLANE183      0.000   0.000000
        2         7  SURF153       0.000   0.000000
 *** LOAD STEP     1   SUBSTEP     1  COMPLETED.    CUM ITER =      2
 *** TIME =  0.200000E-01     TIME INC =  0.200000E-01
 *** AUTO STEP TIME:  NEXT TIME INC = 0.20000E-01  UNCHANGED

     FORCE CONVERGENCE VALUE  =  0.6603E-11  CRITERION=  0.9843E-03
     DISP CONVERGENCE VALUE   =  0.1777E-16  CRITERION=  0.9959E-03 <<< CONVERGED
    EQUIL ITER   1 COMPLETED.  NEW TRIANG MATRIX.  MAX DOF INC=  0.1777E-16
     FORCE CONVERGENCE VALUE  =  0.3131E-13  CRITERION=  0.9843E-03 <<< CONVERGED
    >>> SOLUTION CONVERGED AFTER EQUILIBRIUM ITERATION   1
 *** LOAD STEP     1   SUBSTEP     2  COMPLETED.    CUM ITER =      3
 *** TIME =  0.400000E-01     TIME INC =  0.200000E-01
 *** AUTO TIME STEP:  NEXT TIME INC = 0.30000E-01  INCREASED (FACTOR = 1.5000)

     FORCE CONVERGENCE VALUE  =  0.1239E-10  CRITERION=  0.1722E-02
     DISP CONVERGENCE VALUE   =  0.3332E-16  CRITERION=  0.9959E-03 <<< CONVERGED
    EQUIL ITER   1 COMPLETED.  NEW TRIANG MATRIX.  MAX DOF INC=  0.3332E-16
     FORCE CONVERGENCE VALUE  =  0.4499E-13  CRITERION=  0.1722E-02 <<< CONVERGED
    >>> SOLUTION CONVERGED AFTER EQUILIBRIUM ITERATION   1
 *** LOAD STEP     1   SUBSTEP     3  COMPLETED.    CUM ITER =      4
 *** TIME =  0.700000E-01     TIME INC =  0.300000E-01
 *** AUTO TIME STEP:  NEXT TIME INC = 0.33333E-01  INCREASED (FACTOR = 1.1111)

     FORCE CONVERGENCE VALUE  =  0.1743E-10  CRITERION=  0.2543E-02
     DISP CONVERGENCE VALUE   =  0.4689E-16  CRITERION=  0.9959E-03 <<< CONVERGED
    EQUIL ITER   1 COMPLETED.  NEW TRIANG MATRIX.  MAX DOF INC=  0.4689E-16
     FORCE CONVERGENCE VALUE  =  0.5181E-13  CRITERION=  0.2543E-02 <<< CONVERGED
    >>> SOLUTION CONVERGED AFTER EQUILIBRIUM ITERATION   1
 *** LOAD STEP     1   SUBSTEP     4  COMPLETED.    CUM ITER =      5
 *** TIME =  0.103333         TIME INC =  0.333333E-01
 *** AUTO STEP TIME:  NEXT TIME INC = 0.33333E-01  UNCHANGED

     FORCE CONVERGENCE VALUE  =  0.1835E-10  CRITERION=  0.3363E-02
     DISP CONVERGENCE VALUE   =  0.4936E-16  CRITERION=  0.9959E-03 <<< CONVERGED
    EQUIL ITER   1 COMPLETED.  NEW TRIANG MATRIX.  MAX DOF INC=  0.4936E-16
     FORCE CONVERGENCE VALUE  =  0.5156E-13  CRITERION=  0.3363E-02 <<< CONVERGED
    >>> SOLUTION CONVERGED AFTER EQUILIBRIUM ITERATION   1
 *** LOAD STEP     1   SUBSTEP     5  COMPLETED.    CUM ITER =      6
 *** TIME =  0.136667         TIME INC =  0.333333E-01
 *** AUTO STEP TIME:  NEXT TIME INC = 0.33333E-01  UNCHANGED

     FORCE CONVERGENCE VALUE  =  0.1835E-10  CRITERION=  0.4183E-02
     DISP CONVERGENCE VALUE   =  0.4936E-16  CRITERION=  0.9959E-03 <<< CONVERGED
    EQUIL ITER   1 COMPLETED.  NEW TRIANG MATRIX.  MAX DOF INC=  0.4936E-16
     FORCE CONVERGENCE VALUE  =  0.5378E-13  CRITERION=  0.4183E-02 <<< CONVERGED
    >>> SOLUTION CONVERGED AFTER EQUILIBRIUM ITERATION   1
 *** LOAD STEP     1   SUBSTEP     6  COMPLETED.    CUM ITER =      7
 *** TIME =  0.170000         TIME INC =  0.333333E-01
 *** AUTO STEP TIME:  NEXT TIME INC = 0.33333E-01  UNCHANGED

     FORCE CONVERGENCE VALUE  =  0.1834E-10  CRITERION=  0.5003E-02
     DISP CONVERGENCE VALUE   =  0.4936E-16  CRITERION=  0.9959E-03 <<< CONVERGED
    EQUIL ITER   1 COMPLETED.  NEW TRIANG MATRIX.  MAX DOF INC=  0.4936E-16
     FORCE CONVERGENCE VALUE  =  0.5122E-13  CRITERION=  0.5003E-02 <<< CONVERGED
    >>> SOLUTION CONVERGED AFTER EQUILIBRIUM ITERATION   1
 *** LOAD STEP     1   SUBSTEP     7  COMPLETED.    CUM ITER =      8
 *** TIME =  0.203333         TIME INC =  0.333333E-01
 *** AUTO STEP TIME:  NEXT TIME INC = 0.33333E-01  UNCHANGED

     FORCE CONVERGENCE VALUE  =  0.1836E-10  CRITERION=  0.5824E-02
     DISP CONVERGENCE VALUE   =  0.4936E-16  CRITERION=  0.9959E-03 <<< CONVERGED
    EQUIL ITER   1 COMPLETED.  NEW TRIANG MATRIX.  MAX DOF INC=  0.4936E-16
     FORCE CONVERGENCE VALUE  =  0.5216E-13  CRITERION=  0.5824E-02 <<< CONVERGED
    >>> SOLUTION CONVERGED AFTER EQUILIBRIUM ITERATION   1
 *** LOAD STEP     1   SUBSTEP     8  COMPLETED.    CUM ITER =      9
 *** TIME =  0.236667         TIME INC =  0.333333E-01
 *** AUTO STEP TIME:  NEXT TIME INC = 0.33333E-01  UNCHANGED

     FORCE CONVERGENCE VALUE  =  0.1834E-10  CRITERION=  0.6644E-02
     DISP CONVERGENCE VALUE   =  0.4937E-16  CRITERION=  0.9959E-03 <<< CONVERGED
    EQUIL ITER   1 COMPLETED.  NEW TRIANG MATRIX.  MAX DOF INC=  0.4937E-16
     FORCE CONVERGENCE VALUE  =  0.5161E-13  CRITERION=  0.6644E-02 <<< CONVERGED
    >>> SOLUTION CONVERGED AFTER EQUILIBRIUM ITERATION   1
 *** LOAD STEP     1   SUBSTEP     9  COMPLETED.    CUM ITER =     10
 *** TIME =  0.270000         TIME INC =  0.333333E-01
 *** AUTO STEP TIME:  NEXT TIME INC = 0.33333E-01  UNCHANGED

     FORCE CONVERGENCE VALUE  =  0.1835E-10  CRITERION=  0.7464E-02
     DISP CONVERGENCE VALUE   =  0.4938E-16  CRITERION=  0.9959E-03 <<< CONVERGED
    EQUIL ITER   1 COMPLETED.  NEW TRIANG MATRIX.  MAX DOF INC=  0.4938E-16
     FORCE CONVERGENCE VALUE  =  0.5130E-13  CRITERION=  0.7464E-02 <<< CONVERGED
    >>> SOLUTION CONVERGED AFTER EQUILIBRIUM ITERATION   1
 *** LOAD STEP     1   SUBSTEP    10  COMPLETED.    CUM ITER =     11
 *** TIME =  0.303333         TIME INC =  0.333333E-01
 *** AUTO STEP TIME:  NEXT TIME INC = 0.33333E-01  UNCHANGED

     FORCE CONVERGENCE VALUE  =  0.1836E-10  CRITERION=  0.8284E-02
     DISP CONVERGENCE VALUE   =  0.4938E-16  CRITERION=  0.9959E-03 <<< CONVERGED
    EQUIL ITER   1 COMPLETED.  NEW TRIANG MATRIX.  MAX DOF INC=  0.4938E-16
     FORCE CONVERGENCE VALUE  =  0.5275E-13  CRITERION=  0.8284E-02 <<< CONVERGED
    >>> SOLUTION CONVERGED AFTER EQUILIBRIUM ITERATION   1
 *** LOAD STEP     1   SUBSTEP    11  COMPLETED.    CUM ITER =     12
 *** TIME =  0.336667         TIME INC =  0.333333E-01
 *** AUTO STEP TIME:  NEXT TIME INC = 0.33333E-01  UNCHANGED

     FORCE CONVERGENCE VALUE  =  0.1835E-10  CRITERION=  0.9104E-02
     DISP CONVERGENCE VALUE   =  0.4937E-16  CRITERION=  0.9959E-03 <<< CONVERGED
    EQUIL ITER   1 COMPLETED.  NEW TRIANG MATRIX.  MAX DOF INC=  0.4937E-16
     FORCE CONVERGENCE VALUE  =  0.5257E-13  CRITERION=  0.9104E-02 <<< CONVERGED
    >>> SOLUTION CONVERGED AFTER EQUILIBRIUM ITERATION   1
 *** LOAD STEP     1   SUBSTEP    12  COMPLETED.    CUM ITER =     13
 *** TIME =  0.370000         TIME INC =  0.333333E-01
 *** AUTO STEP TIME:  NEXT TIME INC = 0.33333E-01  UNCHANGED

     FORCE CONVERGENCE VALUE  =  0.1835E-10  CRITERION=  0.9925E-02
     DISP CONVERGENCE VALUE   =  0.4936E-16  CRITERION=  0.9959E-03 <<< CONVERGED
    EQUIL ITER   1 COMPLETED.  NEW TRIANG MATRIX.  MAX DOF INC=  0.4936E-16
     FORCE CONVERGENCE VALUE  =  0.4998E-13  CRITERION=  0.9925E-02 <<< CONVERGED
    >>> SOLUTION CONVERGED AFTER EQUILIBRIUM ITERATION   1
 *** LOAD STEP     1   SUBSTEP    13  COMPLETED.    CUM ITER =     14
 *** TIME =  0.403333         TIME INC =  0.333333E-01
 *** AUTO STEP TIME:  NEXT TIME INC = 0.33333E-01  UNCHANGED

     FORCE CONVERGENCE VALUE  =  0.1836E-10  CRITERION=  0.1074E-01
     DISP CONVERGENCE VALUE   =  0.4936E-16  CRITERION=  0.9959E-03 <<< CONVERGED
    EQUIL ITER   1 COMPLETED.  NEW TRIANG MATRIX.  MAX DOF INC=  0.4936E-16
     FORCE CONVERGENCE VALUE  =  0.5282E-13  CRITERION=  0.1074E-01 <<< CONVERGED
    >>> SOLUTION CONVERGED AFTER EQUILIBRIUM ITERATION   1
 *** LOAD STEP     1   SUBSTEP    14  COMPLETED.    CUM ITER =     15
 *** TIME =  0.436667         TIME INC =  0.333333E-01
 *** AUTO STEP TIME:  NEXT TIME INC = 0.33333E-01  UNCHANGED

     FORCE CONVERGENCE VALUE  =  0.1835E-10  CRITERION=  0.1157E-01
     DISP CONVERGENCE VALUE   =  0.4936E-16  CRITERION=  0.9959E-03 <<< CONVERGED
    EQUIL ITER   1 COMPLETED.  NEW TRIANG MATRIX.  MAX DOF INC=  0.4936E-16
     FORCE CONVERGENCE VALUE  =  0.5215E-13  CRITERION=  0.1157E-01 <<< CONVERGED
    >>> SOLUTION CONVERGED AFTER EQUILIBRIUM ITERATION   1
 *** LOAD STEP     1   SUBSTEP    15  COMPLETED.    CUM ITER =     16
 *** TIME =  0.470000         TIME INC =  0.333333E-01
 *** AUTO STEP TIME:  NEXT TIME INC = 0.33333E-01  UNCHANGED

     FORCE CONVERGENCE VALUE  =  0.1835E-10  CRITERION=  0.1239E-01
     DISP CONVERGENCE VALUE   =  0.4938E-16  CRITERION=  0.9959E-03 <<< CONVERGED
    EQUIL ITER   1 COMPLETED.  NEW TRIANG MATRIX.  MAX DOF INC=  0.4938E-16
     FORCE CONVERGENCE VALUE  =  0.5335E-13  CRITERION=  0.1239E-01 <<< CONVERGED
    >>> SOLUTION CONVERGED AFTER EQUILIBRIUM ITERATION   1
 *** LOAD STEP     1   SUBSTEP    16  COMPLETED.    CUM ITER =     17
 *** TIME =  0.503333         TIME INC =  0.333333E-01
 *** AUTO STEP TIME:  NEXT TIME INC = 0.33333E-01  UNCHANGED

     FORCE CONVERGENCE VALUE  =  0.1836E-10  CRITERION=  0.1321E-01
     DISP CONVERGENCE VALUE   =  0.4936E-16  CRITERION=  0.9959E-03 <<< CONVERGED
    EQUIL ITER   1 COMPLETED.  NEW TRIANG MATRIX.  MAX DOF INC=  0.4936E-16
     FORCE CONVERGENCE VALUE  =  0.5174E-13  CRITERION=  0.1321E-01 <<< CONVERGED
    >>> SOLUTION CONVERGED AFTER EQUILIBRIUM ITERATION   1
 *** LOAD STEP     1   SUBSTEP    17  COMPLETED.    CUM ITER =     18
 *** TIME =  0.536667         TIME INC =  0.333333E-01
 *** AUTO STEP TIME:  NEXT TIME INC = 0.33333E-01  UNCHANGED

     FORCE CONVERGENCE VALUE  =  0.1836E-10  CRITERION=  0.1403E-01
     DISP CONVERGENCE VALUE   =  0.4937E-16  CRITERION=  0.9959E-03 <<< CONVERGED
    EQUIL ITER   1 COMPLETED.  NEW TRIANG MATRIX.  MAX DOF INC=  0.4937E-16
     FORCE CONVERGENCE VALUE  =  0.4991E-13  CRITERION=  0.1403E-01 <<< CONVERGED
    >>> SOLUTION CONVERGED AFTER EQUILIBRIUM ITERATION   1
 *** LOAD STEP     1   SUBSTEP    18  COMPLETED.    CUM ITER =     19
 *** TIME =  0.570000         TIME INC =  0.333333E-01
 *** AUTO STEP TIME:  NEXT TIME INC = 0.33333E-01  UNCHANGED

     FORCE CONVERGENCE VALUE  =  0.1835E-10  CRITERION=  0.1485E-01
     DISP CONVERGENCE VALUE   =  0.4936E-16  CRITERION=  0.9959E-03 <<< CONVERGED
    EQUIL ITER   1 COMPLETED.  NEW TRIANG MATRIX.  MAX DOF INC=  0.4936E-16
     FORCE CONVERGENCE VALUE  =  0.5286E-13  CRITERION=  0.1485E-01 <<< CONVERGED
    >>> SOLUTION CONVERGED AFTER EQUILIBRIUM ITERATION   1
 *** LOAD STEP     1   SUBSTEP    19  COMPLETED.    CUM ITER =     20
 *** TIME =  0.603333         TIME INC =  0.333333E-01
 *** AUTO STEP TIME:  NEXT TIME INC = 0.33333E-01  UNCHANGED

     FORCE CONVERGENCE VALUE  =  0.1838E-10  CRITERION=  0.1567E-01
     DISP CONVERGENCE VALUE   =  0.4937E-16  CRITERION=  0.9959E-03 <<< CONVERGED
    EQUIL ITER   1 COMPLETED.  NEW TRIANG MATRIX.  MAX DOF INC=  0.4937E-16
     FORCE CONVERGENCE VALUE  =  0.5853E-13  CRITERION=  0.1567E-01 <<< CONVERGED
    >>> SOLUTION CONVERGED AFTER EQUILIBRIUM ITERATION   1
 *** LOAD STEP     1   SUBSTEP    20  COMPLETED.    CUM ITER =     21
 *** TIME =  0.636667         TIME INC =  0.333333E-01
 *** AUTO STEP TIME:  NEXT TIME INC = 0.33333E-01  UNCHANGED

     FORCE CONVERGENCE VALUE  =  0.1836E-10  CRITERION=  0.1649E-01
     DISP CONVERGENCE VALUE   =  0.4937E-16  CRITERION=  0.9959E-03 <<< CONVERGED
    EQUIL ITER   1 COMPLETED.  NEW TRIANG MATRIX.  MAX DOF INC=  0.4937E-16
     FORCE CONVERGENCE VALUE  =  0.5530E-13  CRITERION=  0.1649E-01 <<< CONVERGED
    >>> SOLUTION CONVERGED AFTER EQUILIBRIUM ITERATION   1
 *** LOAD STEP     1   SUBSTEP    21  COMPLETED.    CUM ITER =     22
 *** TIME =  0.670000         TIME INC =  0.333333E-01
 *** AUTO STEP TIME:  NEXT TIME INC = 0.33333E-01  UNCHANGED

     FORCE CONVERGENCE VALUE  =  0.1837E-10  CRITERION=  0.1731E-01
     DISP CONVERGENCE VALUE   =  0.4937E-16  CRITERION=  0.9959E-03 <<< CONVERGED
    EQUIL ITER   1 COMPLETED.  NEW TRIANG MATRIX.  MAX DOF INC=  0.4937E-16
     FORCE CONVERGENCE VALUE  =  0.5273E-13  CRITERION=  0.1731E-01 <<< CONVERGED
    >>> SOLUTION CONVERGED AFTER EQUILIBRIUM ITERATION   1
 *** LOAD STEP     1   SUBSTEP    22  COMPLETED.    CUM ITER =     23
 *** TIME =  0.703333         TIME INC =  0.333333E-01
 *** AUTO STEP TIME:  NEXT TIME INC = 0.33333E-01  UNCHANGED

     FORCE CONVERGENCE VALUE  =  0.1837E-10  CRITERION=  0.1813E-01
     DISP CONVERGENCE VALUE   =  0.4939E-16  CRITERION=  0.9959E-03 <<< CONVERGED
    EQUIL ITER   1 COMPLETED.  NEW TRIANG MATRIX.  MAX DOF INC=  0.4939E-16
     FORCE CONVERGENCE VALUE  =  0.5382E-13  CRITERION=  0.1813E-01 <<< CONVERGED
    >>> SOLUTION CONVERGED AFTER EQUILIBRIUM ITERATION   1
 *** LOAD STEP     1   SUBSTEP    23  COMPLETED.    CUM ITER =     24
 *** TIME =  0.736667         TIME INC =  0.333333E-01
 *** AUTO STEP TIME:  NEXT TIME INC = 0.33333E-01  UNCHANGED

     FORCE CONVERGENCE VALUE  =  0.1838E-10  CRITERION=  0.1895E-01
     DISP CONVERGENCE VALUE   =  0.4938E-16  CRITERION=  0.9959E-03 <<< CONVERGED
    EQUIL ITER   1 COMPLETED.  NEW TRIANG MATRIX.  MAX DOF INC=  0.4938E-16
     FORCE CONVERGENCE VALUE  =  0.5314E-13  CRITERION=  0.1895E-01 <<< CONVERGED
    >>> SOLUTION CONVERGED AFTER EQUILIBRIUM ITERATION   1
 *** LOAD STEP     1   SUBSTEP    24  COMPLETED.    CUM ITER =     25
 *** TIME =  0.770000         TIME INC =  0.333333E-01
 *** AUTO STEP TIME:  NEXT TIME INC = 0.33333E-01  UNCHANGED

     FORCE CONVERGENCE VALUE  =  0.1837E-10  CRITERION=  0.1977E-01
     DISP CONVERGENCE VALUE   =  0.4939E-16  CRITERION=  0.9959E-03 <<< CONVERGED
    EQUIL ITER   1 COMPLETED.  NEW TRIANG MATRIX.  MAX DOF INC=  0.4939E-16
     FORCE CONVERGENCE VALUE  =  0.5196E-13  CRITERION=  0.1977E-01 <<< CONVERGED
    >>> SOLUTION CONVERGED AFTER EQUILIBRIUM ITERATION   1
 *** LOAD STEP     1   SUBSTEP    25  COMPLETED.    CUM ITER =     26
 *** TIME =  0.803333         TIME INC =  0.333333E-01
 *** AUTO STEP TIME:  NEXT TIME INC = 0.33333E-01  UNCHANGED

     FORCE CONVERGENCE VALUE  =  0.1840E-10  CRITERION=  0.2059E-01
     DISP CONVERGENCE VALUE   =  0.4938E-16  CRITERION=  0.9959E-03 <<< CONVERGED
    EQUIL ITER   1 COMPLETED.  NEW TRIANG MATRIX.  MAX DOF INC=  0.4938E-16
     FORCE CONVERGENCE VALUE  =  0.5467E-13  CRITERION=  0.2059E-01 <<< CONVERGED
    >>> SOLUTION CONVERGED AFTER EQUILIBRIUM ITERATION   1
 *** LOAD STEP     1   SUBSTEP    26  COMPLETED.    CUM ITER =     27
 *** TIME =  0.836667         TIME INC =  0.333333E-01
 *** AUTO STEP TIME:  NEXT TIME INC = 0.33333E-01  UNCHANGED

     FORCE CONVERGENCE VALUE  =  0.1838E-10  CRITERION=  0.2141E-01
     DISP CONVERGENCE VALUE   =  0.4936E-16  CRITERION=  0.9959E-03 <<< CONVERGED
    EQUIL ITER   1 COMPLETED.  NEW TRIANG MATRIX.  MAX DOF INC=  0.4936E-16
     FORCE CONVERGENCE VALUE  =  0.5487E-13  CRITERION=  0.2141E-01 <<< CONVERGED
    >>> SOLUTION CONVERGED AFTER EQUILIBRIUM ITERATION   1
 *** LOAD STEP     1   SUBSTEP    27  COMPLETED.    CUM ITER =     28
 *** TIME =  0.870000         TIME INC =  0.333333E-01
 *** AUTO STEP TIME:  NEXT TIME INC = 0.33333E-01  UNCHANGED

     FORCE CONVERGENCE VALUE  =  0.1838E-10  CRITERION=  0.2223E-01
     DISP CONVERGENCE VALUE   =  0.4935E-16  CRITERION=  0.9959E-03 <<< CONVERGED
    EQUIL ITER   1 COMPLETED.  NEW TRIANG MATRIX.  MAX DOF INC=  0.4935E-16
     FORCE CONVERGENCE VALUE  =  0.5349E-13  CRITERION=  0.2223E-01 <<< CONVERGED
    >>> SOLUTION CONVERGED AFTER EQUILIBRIUM ITERATION   1
 *** LOAD STEP     1   SUBSTEP    28  COMPLETED.    CUM ITER =     29
 *** TIME =  0.903333         TIME INC =  0.333333E-01
 *** AUTO STEP TIME:  NEXT TIME INC = 0.33333E-01  UNCHANGED

     FORCE CONVERGENCE VALUE  =  0.1839E-10  CRITERION=  0.2305E-01
     DISP CONVERGENCE VALUE   =  0.4937E-16  CRITERION=  0.9959E-03 <<< CONVERGED
    EQUIL ITER   1 COMPLETED.  NEW TRIANG MATRIX.  MAX DOF INC=  0.4937E-16
     FORCE CONVERGENCE VALUE  =  0.5220E-13  CRITERION=  0.2305E-01 <<< CONVERGED
    >>> SOLUTION CONVERGED AFTER EQUILIBRIUM ITERATION   1
 *** LOAD STEP     1   SUBSTEP    29  COMPLETED.    CUM ITER =     30
 *** TIME =  0.936667         TIME INC =  0.333333E-01
 *** AUTO STEP TIME:  NEXT TIME INC = 0.33333E-01  UNCHANGED

     FORCE CONVERGENCE VALUE  =  0.1838E-10  CRITERION=  0.2387E-01
     DISP CONVERGENCE VALUE   =  0.4938E-16  CRITERION=  0.9959E-03 <<< CONVERGED
    EQUIL ITER   1 COMPLETED.  NEW TRIANG MATRIX.  MAX DOF INC=  0.4938E-16
     FORCE CONVERGENCE VALUE  =  0.5409E-13  CRITERION=  0.2387E-01 <<< CONVERGED
    >>> SOLUTION CONVERGED AFTER EQUILIBRIUM ITERATION   1
 *** LOAD STEP     1   SUBSTEP    30  COMPLETED.    CUM ITER =     31
 *** TIME =  0.970000         TIME INC =  0.333333E-01
 *** AUTO TIME STEP:  NEXT TIME INC = 0.30000E-01  DECREASED (FACTOR = 0.9000)

     FORCE CONVERGENCE VALUE  =  0.1577E-10  CRITERION=  0.2461E-01
     DISP CONVERGENCE VALUE   =  0.4219E-16  CRITERION=  0.9959E-03 <<< CONVERGED
    EQUIL ITER   1 COMPLETED.  NEW TRIANG MATRIX.  MAX DOF INC=  0.4219E-16
     FORCE CONVERGENCE VALUE  =  0.4753E-13  CRITERION=  0.2461E-01 <<< CONVERGED
    >>> SOLUTION CONVERGED AFTER EQUILIBRIUM ITERATION   1
 *** LOAD STEP     1   SUBSTEP    31  COMPLETED.    CUM ITER =     32
 *** TIME =   1.00000         TIME INC =  0.300000E-01


 *** MAPDL BINARY FILE STATISTICS
  BUFFER SIZE USED= 16384
        0.562 MB WRITTEN ON ELEMENT SAVED DATA FILE: file0.esav
        0.312 MB WRITTEN ON ASSEMBLED MATRIX FILE: file0.full
        2.062 MB WRITTEN ON RESULTS FILE: file0.rst
 *************** Write FE CONNECTORS *********

 WRITE OUT CONSTRAINT EQUATIONS TO FILE= file.ce                                                                                                                                                                                                                                                             
 ****************************************************
 *************** FINISHED SOLVE FOR LS 1 *************
 ****************************************************
 ******************* SOLVE FOR LS 2 OF 60 ****************

 PRINTOUT RESUMED BY /GOP

 DO NOT USE AUTOMATIC TIME STEPPING THIS LOAD STEP

 USE INITIAL TIME STEP SIZE OF 0.5000000E-01 FOR ALL  DEGREES OF FREEDOM
 FOR AUTOMATIC TIME STEPPING:
   USE 0.5000000E-01 AS THE MINIMUM TIME STEP SIZE
   USE 0.5000000E-01 AS THE MAXIMUM TIME STEP SIZE

 TIME=  2.0000    

 ERASE THE CURRENT DATABASE OUTPUT CONTROL TABLE.


 WRITE ALL  ITEMS TO THE DATABASE WITH A FREQUENCY OF NONE
   FOR ALL APPLICABLE ENTITIES

 WRITE NSOL ITEMS TO THE DATABASE WITH A FREQUENCY OF ALL 
   FOR ALL APPLICABLE ENTITIES

 WRITE RSOL ITEMS TO THE DATABASE WITH A FREQUENCY OF ALL 
   FOR ALL APPLICABLE ENTITIES

 WRITE EANG ITEMS TO THE DATABASE WITH A FREQUENCY OF ALL 
   FOR ALL APPLICABLE ENTITIES

 WRITE ETMP ITEMS TO THE DATABASE WITH A FREQUENCY OF ALL 
   FOR ALL APPLICABLE ENTITIES

 WRITE VENG ITEMS TO THE DATABASE WITH A FREQUENCY OF ALL 
   FOR ALL APPLICABLE ENTITIES

 WRITE STRS ITEMS TO THE DATABASE WITH A FREQUENCY OF ALL 
   FOR ALL APPLICABLE ENTITIES

 WRITE EPEL ITEMS TO THE DATABASE WITH A FREQUENCY OF ALL 
   FOR ALL APPLICABLE ENTITIES

 WRITE EPPL ITEMS TO THE DATABASE WITH A FREQUENCY OF ALL 
   FOR ALL APPLICABLE ENTITIES

 WRITE CONT ITEMS TO THE DATABASE WITH A FREQUENCY OF ALL 
   FOR ALL APPLICABLE ENTITIES

 *****  MAPDL SOLVE    COMMAND  *****

 *** WARNING ***                         CP =       1.719   TIME= 16:09:10
 Material number 2 (used by element 631) should normally have at least   
 one MP or one TB type command associated with it.  Output of energy by  
 material may not be available.                                          

 *** NOTE ***                            CP =       1.719   TIME= 16:09:10
 The step data was checked and warning messages were found.              
  Please review output or errors file (                                  
 C:\Users\Sebastian\Desktop\Coding\FEM2\Projekt\ANSYS\_ProjectScratch\Sc 
 crEDEA\file0.err ) for these warning messages.                          

 *** NOTE ***                            CP =       1.719   TIME= 16:09:10
 This nonlinear analysis defaults to using the full Newton-Raphson       
 solution procedure.  This can be modified using the NROPT command.      

 *** MAPDL - ENGINEERING ANALYSIS SYSTEM  RELEASE 2025 R2          25.2     ***
 Ansys Mechanical Enterprise Academic Student      
 01055371  VERSION=WINDOWS x64   16:09:10  FEB 04, 2026 CP=      1.766

 Rad_Shell--Statisch-mechanisch (A5)                                           



                      L O A D   S T E P   O P T I O N S

   LOAD STEP NUMBER. . . . . . . . . . . . . . . .     2
   TIME AT END OF THE LOAD STEP. . . . . . . . . .  2.0000    
   TIME STEP SIZE. . . . . . . . . . . . . . . . . 0.50000E-01
   MAXIMUM NUMBER OF EQUILIBRIUM ITERATIONS. . . .    15
   STEP CHANGE BOUNDARY CONDITIONS . . . . . . . .    NO
   STRESS-STIFFENING . . . . . . . . . . . . . . .    ON
   TERMINATE ANALYSIS IF NOT CONVERGED . . . . . .YES (EXIT)  
   CONVERGENCE CONTROLS. . . . . . . . . . . . . .USE DEFAULTS
   COPY INTEGRATION POINT VALUES TO NODE . . . . .YES, FOR ELEMENTS WITH
                                                  ACTIVE MAT. NONLINEARITIES
   PRINT OUTPUT CONTROLS . . . . . . . . . . . . .NO PRINTOUT
   DATABASE OUTPUT CONTROLS
      ITEM     FREQUENCY   COMPONENT
       ALL       NONE               
      NSOL        ALL               
      RSOL        ALL               
      EANG        ALL               
      ETMP        ALL               
      VENG        ALL               
      STRS        ALL               
      EPEL        ALL               
      EPPL        ALL               
      CONT        ALL               


 SOLUTION MONITORING INFO IS WRITTEN TO FILE= file.mntr                                                                                                                                                                                                                                                           
 MAXIMUM NUMBER OF EQUILIBRIUM ITERATIONS HAS BEEN MODIFIED              
  TO BE, NEQIT = 22, BY SOLUTION CONTROL LOGIC.                          

     FORCE CONVERGENCE VALUE  =  0.3370      CRITERION=  0.2583E-01
     DISP CONVERGENCE VALUE   =  0.1313E-05  CRITERION=  0.9959E-03 <<< CONVERGED
    EQUIL ITER   1 COMPLETED.  NEW TRIANG MATRIX.  MAX DOF INC=  0.1313E-05
     FORCE CONVERGENCE VALUE  =  0.1770E-09  CRITERION=  0.2698E-01 <<< CONVERGED
    >>> SOLUTION CONVERGED AFTER EQUILIBRIUM ITERATION   1
 *** LOAD STEP     2   SUBSTEP     1  COMPLETED.    CUM ITER =     33
 *** TIME =   1.05000         TIME INC =  0.500000E-01

     FORCE CONVERGENCE VALUE  =  0.3186E-09  CRITERION=  0.2935E-01
     DISP CONVERGENCE VALUE   =  0.8591E-15  CRITERION=  0.9959E-03 <<< CONVERGED
    EQUIL ITER   1 COMPLETED.  NEW TRIANG MATRIX.  MAX DOF INC= -0.8591E-15
     FORCE CONVERGENCE VALUE  =  0.1492E-12  CRITERION=  0.2935E-01 <<< CONVERGED
    >>> SOLUTION CONVERGED AFTER EQUILIBRIUM ITERATION   1
 *** LOAD STEP     2   SUBSTEP     2  COMPLETED.    CUM ITER =     34
 *** TIME =   1.10000         TIME INC =  0.500000E-01

     FORCE CONVERGENCE VALUE  =  0.2801E-09  CRITERION=  0.3172E-01
     DISP CONVERGENCE VALUE   =  0.1049E-14  CRITERION=  0.9959E-03 <<< CONVERGED
    EQUIL ITER   1 COMPLETED.  NEW TRIANG MATRIX.  MAX DOF INC=  0.1049E-14
     FORCE CONVERGENCE VALUE  =  0.1549E-12  CRITERION=  0.3172E-01 <<< CONVERGED
    >>> SOLUTION CONVERGED AFTER EQUILIBRIUM ITERATION   1
 *** LOAD STEP     2   SUBSTEP     3  COMPLETED.    CUM ITER =     35
 *** TIME =   1.15000         TIME INC =  0.500000E-01

     FORCE CONVERGENCE VALUE  =  0.1534E-09  CRITERION=  0.3409E-01
     DISP CONVERGENCE VALUE   =  0.4128E-15  CRITERION=  0.9959E-03 <<< CONVERGED
    EQUIL ITER   1 COMPLETED.  NEW TRIANG MATRIX.  MAX DOF INC=  0.4128E-15
     FORCE CONVERGENCE VALUE  =  0.1541E-12  CRITERION=  0.3409E-01 <<< CONVERGED
    >>> SOLUTION CONVERGED AFTER EQUILIBRIUM ITERATION   1
 *** LOAD STEP     2   SUBSTEP     4  COMPLETED.    CUM ITER =     36
 *** TIME =   1.20000         TIME INC =  0.500000E-01

     FORCE CONVERGENCE VALUE  =  0.1535E-09  CRITERION=  0.3647E-01
     DISP CONVERGENCE VALUE   =  0.4128E-15  CRITERION=  0.9959E-03 <<< CONVERGED
    EQUIL ITER   1 COMPLETED.  NEW TRIANG MATRIX.  MAX DOF INC=  0.4128E-15
     FORCE CONVERGENCE VALUE  =  0.1594E-12  CRITERION=  0.3647E-01 <<< CONVERGED
    >>> SOLUTION CONVERGED AFTER EQUILIBRIUM ITERATION   1
 *** LOAD STEP     2   SUBSTEP     5  COMPLETED.    CUM ITER =     37
 *** TIME =   1.25000         TIME INC =  0.500000E-01

     FORCE CONVERGENCE VALUE  =  0.1534E-09  CRITERION=  0.3884E-01
     DISP CONVERGENCE VALUE   =  0.4128E-15  CRITERION=  0.9959E-03 <<< CONVERGED
    EQUIL ITER   1 COMPLETED.  NEW TRIANG MATRIX.  MAX DOF INC=  0.4128E-15
     FORCE CONVERGENCE VALUE  =  0.2058E-12  CRITERION=  0.3884E-01 <<< CONVERGED
    >>> SOLUTION CONVERGED AFTER EQUILIBRIUM ITERATION   1
 *** LOAD STEP     2   SUBSTEP     6  COMPLETED.    CUM ITER =     38
 *** TIME =   1.30000         TIME INC =  0.500000E-01

     FORCE CONVERGENCE VALUE  =  0.1535E-09  CRITERION=  0.4121E-01
     DISP CONVERGENCE VALUE   =  0.4128E-15  CRITERION=  0.9959E-03 <<< CONVERGED
    EQUIL ITER   1 COMPLETED.  NEW TRIANG MATRIX.  MAX DOF INC=  0.4128E-15
     FORCE CONVERGENCE VALUE  =  0.1905E-12  CRITERION=  0.4121E-01 <<< CONVERGED
    >>> SOLUTION CONVERGED AFTER EQUILIBRIUM ITERATION   1
 *** LOAD STEP     2   SUBSTEP     7  COMPLETED.    CUM ITER =     39
 *** TIME =   1.35000         TIME INC =  0.500000E-01

     FORCE CONVERGENCE VALUE  =  0.1534E-09  CRITERION=  0.4358E-01
     DISP CONVERGENCE VALUE   =  0.4128E-15  CRITERION=  0.9959E-03 <<< CONVERGED
    EQUIL ITER   1 COMPLETED.  NEW TRIANG MATRIX.  MAX DOF INC=  0.4128E-15
     FORCE CONVERGENCE VALUE  =  0.1576E-12  CRITERION=  0.4358E-01 <<< CONVERGED
    >>> SOLUTION CONVERGED AFTER EQUILIBRIUM ITERATION   1
 *** LOAD STEP     2   SUBSTEP     8  COMPLETED.    CUM ITER =     40
 *** TIME =   1.40000         TIME INC =  0.500000E-01

     FORCE CONVERGENCE VALUE  =  0.1535E-09  CRITERION=  0.4595E-01
     DISP CONVERGENCE VALUE   =  0.4128E-15  CRITERION=  0.9959E-03 <<< CONVERGED
    EQUIL ITER   1 COMPLETED.  NEW TRIANG MATRIX.  MAX DOF INC=  0.4128E-15
     FORCE CONVERGENCE VALUE  =  0.1992E-12  CRITERION=  0.4595E-01 <<< CONVERGED
    >>> SOLUTION CONVERGED AFTER EQUILIBRIUM ITERATION   1
 *** LOAD STEP     2   SUBSTEP     9  COMPLETED.    CUM ITER =     41
 *** TIME =   1.45000         TIME INC =  0.500000E-01

     FORCE CONVERGENCE VALUE  =  0.1173      CRITERION=  0.4822E-01
     DISP CONVERGENCE VALUE   =  0.8958E-08  CRITERION=  0.9959E-03 <<< CONVERGED
    EQUIL ITER   1 COMPLETED.  NEW TRIANG MATRIX.  MAX DOF INC=  0.8958E-08
     FORCE CONVERGENCE VALUE  =  0.1372E-02  CRITERION=  0.4835E-01 <<< CONVERGED
    >>> SOLUTION CONVERGED AFTER EQUILIBRIUM ITERATION   1
 *** LOAD STEP     2   SUBSTEP    10  COMPLETED.    CUM ITER =     42
 *** TIME =   1.50000         TIME INC =  0.500000E-01
 *** MAX PLASTIC STRAIN STEP = 0.3173E-09

     FORCE CONVERGENCE VALUE  =  0.3050E-01  CRITERION=  0.5073E-01
     DISP CONVERGENCE VALUE   =  0.2438E-08  CRITERION=  0.9959E-03 <<< CONVERGED
    EQUIL ITER   1 COMPLETED.  NEW TRIANG MATRIX.  MAX DOF INC=  0.2438E-08
     FORCE CONVERGENCE VALUE  =  0.1360E-03  CRITERION=  0.5077E-01 <<< CONVERGED
    >>> SOLUTION CONVERGED AFTER EQUILIBRIUM ITERATION   1
 *** LOAD STEP     2   SUBSTEP    11  COMPLETED.    CUM ITER =     43
 *** TIME =   1.55000         TIME INC =  0.500000E-01
 *** MAX PLASTIC STRAIN STEP = 0.3956E-09

     FORCE CONVERGENCE VALUE  =  0.5293E-02  CRITERION=  0.5318E-01
     DISP CONVERGENCE VALUE   =  0.3153E-09  CRITERION=  0.9959E-03 <<< CONVERGED
    EQUIL ITER   1 COMPLETED.  NEW TRIANG MATRIX.  MAX DOF INC=  0.3153E-09
     FORCE CONVERGENCE VALUE  =  0.5044E-05  CRITERION=  0.5319E-01 <<< CONVERGED
    >>> SOLUTION CONVERGED AFTER EQUILIBRIUM ITERATION   1
 *** LOAD STEP     2   SUBSTEP    12  COMPLETED.    CUM ITER =     44
 *** TIME =   1.60000         TIME INC =  0.500000E-01
 *** MAX PLASTIC STRAIN STEP = 0.4038E-09

     FORCE CONVERGENCE VALUE  =  0.1929      CRITERION=  0.5536E-01
     DISP CONVERGENCE VALUE   =   3.990      CRITERION=  0.1995    
    EQUIL ITER   1 COMPLETED.  NEW TRIANG MATRIX.  MAX DOF INC=   3.990    
     FORCE CONVERGENCE VALUE  =   33.53      CRITERION=  0.5568E-01
     DISP CONVERGENCE VALUE   =   21.30      CRITERION=   1.264    
    EQUIL ITER   2 COMPLETED.  NEW TRIANG MATRIX.  MAX DOF INC=   21.30    
     FORCE CONVERGENCE VALUE  =   34.71      CRITERION=  0.5532E-01
     DISP CONVERGENCE VALUE   =   2.646      CRITERION=   1.264    
    EQUIL ITER   3 COMPLETED.  NEW TRIANG MATRIX.  MAX DOF INC=  -2.646    
     FORCE CONVERGENCE VALUE  =   45.23      CRITERION=  0.5532E-01
     DISP CONVERGENCE VALUE   =   140.8      CRITERION=   7.206    
    EQUIL ITER   4 COMPLETED.  NEW TRIANG MATRIX.  MAX DOF INC=   140.8    
     FORCE CONVERGENCE VALUE  =   161.9      CRITERION=  0.5655E-01
     DISP CONVERGENCE VALUE   =   122.6      CRITERION=   10.93    
    EQUIL ITER   5 COMPLETED.  NEW TRIANG MATRIX.  MAX DOF INC=  -122.6    

 *** ERROR ***                           CP =       2.344   TIME= 16:09:11
 Element 49 (type = 1, PLANE183) (and maybe other elements) has become   
 highly distorted.  Excessive distortion of elements is usually a        
 symptom indicating the need for corrective action elsewhere.  Try       
 incrementing the load more slowly (increase the number of substeps or   
 decrease the time step size).  You may need to improve your mesh to     
 obtain elements with better aspect ratios.  Also consider the behavior  
 of materials, contact pairs, and/or constraint equations.  Please rule  
 out other root causes of this failure before attempting rezoning or     
 nonlinear adaptive solutions.  If this message appears in the first     
 iteration of first substep, be sure to perform element shape checking.  

 *** WARNING ***                         CP =       2.344   TIME= 16:09:11
 The unconverged solution (identified as time 2 substep 999999) is       
 output for analysis debug purposes.  Results should not be used for     
 any other purpose.                                                      




         R E S T A R T   I N F O R M A T I O N

 REASON FOR TERMINATION. . . . . . . . . .ERROR IN ELEMENT FORMULATION            
 FILES NEEDED FOR RESTARTING . . . . . . .  file0.Rnnn
                                            file.ldhi
                                            file.rdb
 TIME OF LAST SOLUTION . . . . . . . . . .  1.6000    
    TIME AT START OF THE LOAD STEP . . . .  1.0000    
    TIME AT END OF THE LOAD STEP . . . . .  2.0000    

 ALL CURRENT MAPDL DATA WRITTEN TO FILE NAME= file.db
  FOR POSSIBLE RESUME FROM THIS POINT





 NUMBER OF WARNING MESSAGES ENCOUNTERED=          4
 NUMBER OF ERROR   MESSAGES ENCOUNTERED=          1



 ***** PROBLEM TERMINATED BY INDICATED ERROR(S) OR BY END OF INPUT DATA *****

+--------------------- M A P D L   S T A T I S T I C S ------------------------+

Release: 2025 R2            Build: 25.2       Update: UP20250519   Platform: WINDOWS x64 
Date Run: 02/04/2026   Time: 16:09     Process ID: 18504
Operating System: Windows 11  (Build: 26200)

Processor Model: 12th Gen Intel(R) Core(TM) i7-12700K

Compiler: Intel(R) Fortran Compiler Classic Version 2021.9  (Build: 20230302)
          Intel(R) C/C++ Compiler Classic Version 2021.9  (Build: 20230302)
          Intel(R) oneAPI Math Kernel Library Version 2024.2.3-Product Build 20250403

Number of machines requested            :    1
Total number of cores available         :   20
Number of physical cores available      :   12
Number of processes requested           :    4
Number of threads per process requested :    1
Total number of cores requested         :    4 (Distributed Memory Parallel)               
MPI Type: INTELMPI
MPI Version: Intel(R) MPI Library 2021.14 for Windows* OS


GPU Acceleration: Not Requested

Job Name: file0
Input File: dummy.dat

  Core                Machine Name   Working Directory
 -----------------------------------------------------
     0    Sebastians-Rechenzentrum   C:\Users\Sebastian\Desktop\Coding\FEM2\Projekt\ANSYS\_ProjectScratch\ScrEDEA
     1    Sebastians-Rechenzentrum   C:\Users\Sebastian\Desktop\Coding\FEM2\Projekt\ANSYS\_ProjectScratch\ScrEDEA
     2    Sebastians-Rechenzentrum   C:\Users\Sebastian\Desktop\Coding\FEM2\Projekt\ANSYS\_ProjectScratch\ScrEDEA
     3    Sebastians-Rechenzentrum   C:\Users\Sebastian\Desktop\Coding\FEM2\Projekt\ANSYS\_ProjectScratch\ScrEDEA
 
Latency time from master to core     1 =    1.434 microseconds
Latency time from master to core     2 =    1.396 microseconds
Latency time from master to core     3 =    2.191 microseconds
 
Communication speed from master to core     1 = 12526.62 MB/sec
Communication speed from master to core     2 = 13750.67 MB/sec
Communication speed from master to core     3 =  9944.68 MB/sec

Total CPU time for main thread                    :        2.5 seconds
Total CPU time summed for all threads             :        2.4 seconds

Elapsed time spent obtaining a license            :        0.5 seconds
Elapsed time spent pre-processing model (/PREP7)  :        0.0 seconds
Elapsed time spent solution - preprocessing       :        0.1 seconds
Elapsed time spent computing solution             :        2.2 seconds
Elapsed time spent solution - postprocessing      :        0.0 seconds
Elapsed time spent post-processing model (/POST1) :        0.0 seconds
 
Equation solver used                              :            Sparse (symmetric)

Sum of disk space used on all processes           :       23.3 MB

Sum of memory used on all processes               :      189.0 MB
Sum of memory allocated on all processes          :     2880.0 MB
Physical memory available                         :         32 GB
Total amount of I/O written to disk               :        0.4 GB
Total amount of I/O read from disk                :        0.5 GB

+------------------ E N D   M A P D L   S T A T I S T I C S -------------------+


 *-----------------------------------------------------------------------------*
 |                                                                             |
 |                               RUN COMPLETED                                 |
 |                                                                             |
 |-----------------------------------------------------------------------------|
 |                                                                             |
 |  Ansys MAPDL 2025 R2         Build 25.2         UP20250519    WINDOWS x64   |
 |                                                                             |
 |-----------------------------------------------------------------------------|
 |                                                                             |
 |  Database Requested(-db)     1024 MB     Scratch Memory Requested   1024 MB |
 |  Max Database Used(Master)      2 MB     Max Scratch Used(Master)     46 MB |
 |  Max Database Used(Workers)     1 MB     Max Scratch Used(Workers)    46 MB |
 |  Sum Database Used(All)         5 MB     Sum Scratch Used(All)       184 MB |
 |                                                                             |
 |-----------------------------------------------------------------------------|
 |                                                                             |
 |        CP Time      (sec) =          2.406       Time  =  16:09:22          |
 |        Elapsed Time (sec) =         20.000       Date  =  02/04/2026        |
 |                                                                             |
 *-----------------------------------------------------------------------------*
